lcd16x2_i2c.h:104:13:lcd16x2_i2c_sendCommand	32	static
lcd16x2_i2c.h:118:13:lcd16x2_i2c_sendData	32	static
lcd16x2_i2c.h:137:6:lcd16x2_i2c_init	16	static
lcd16x2_i2c.h:188:6:lcd16x2_i2c_setCursor	24	static
lcd16x2_i2c.h:207:6:lcd16x2_i2c_1stLine	8	static
lcd16x2_i2c.h:214:6:lcd16x2_i2c_2ndLine	8	static
lcd16x2_i2c.h:222:6:lcd16x2_i2c_TwoLines	8	static
lcd16x2_i2c.h:226:6:lcd16x2_i2c_OneLine	8	static
lcd16x2_i2c.h:234:6:lcd16x2_i2c_cursorShow	16	static
lcd16x2_i2c.h:249:6:lcd16x2_i2c_clear	8	static
lcd16x2_i2c.h:258:6:lcd16x2_i2c_display	16	static
lcd16x2_i2c.h:273:6:lcd16x2_i2c_shiftRight	24	static
lcd16x2_i2c.h:284:6:lcd16x2_i2c_shiftLeft	24	static
lcd16x2_i2c.h:295:6:lcd16x2_i2c_printf	48	static
main.c:69:6:delay	16	static
main.c:84:6:Set_Pin_Output	40	static
main.c:93:6:Set_Pin_Input	40	static
main.c:106:6:DHT22_Start	8	static
main.c:119:9:DHT22_Check_Response	16	static
main.c:136:9:DHT22_Read	16	static
main.c:161:5:main	16	static
main.c:245:6:SystemClock_Config	96	static
main.c:292:13:MX_NVIC_Init	8	static
main.c:307:13:MX_I2C3_Init	8	static
main.c:353:13:MX_TIM6_Init	24	static
main.c:391:13:MX_TIM7_Init	24	static
main.c:429:13:MX_USART2_UART_Init	8	static
main.c:464:13:MX_GPIO_Init	40	static
main.c:493:6:Error_Handler	4	static,ignoring_inline_asm
